{Heap before GC invocations=1 (full 0):
 PSYoungGen      total 153600K, used 18502K [0x00000007d5500000, 0x00000007e0000000, 0x0000000800000000)
  eden space 132096K, 14% used [0x00000007d5500000,0x00000007d6711920,0x00000007dd600000)
  from space 21504K, 0% used [0x00000007deb00000,0x00000007deb00000,0x00000007e0000000)
  to   space 21504K, 0% used [0x00000007dd600000,0x00000007dd600000,0x00000007deb00000)
 ParOldGen       total 349696K, used 0K [0x0000000780000000, 0x0000000795580000, 0x00000007d5500000)
  object space 349696K, 0% used [0x0000000780000000,0x0000000780000000,0x0000000795580000)
 PSPermGen       total 21504K, used 9877K [0x0000000770000000, 0x0000000771500000, 0x0000000780000000)
  object space 21504K, 45% used [0x0000000770000000,0x00000007709a54e8,0x0000000771500000)
2014-02-08T17:59:35.587+0000: 1.158: [GC
Desired survivor size 22020096 bytes, new threshold 7 (max 15)
 [PSYoungGen: 18502K->4293K(153600K)] 18502K->4365K(503296K), 0.0212360 secs] [Times: user=0.02 sys=0.01, real=0.02 secs] 
Heap after GC invocations=1 (full 0):
 PSYoungGen      total 153600K, used 4293K [0x00000007d5500000, 0x00000007e0000000, 0x0000000800000000)
  eden space 132096K, 0% used [0x00000007d5500000,0x00000007d5500000,0x00000007dd600000)
  from space 21504K, 19% used [0x00000007dd600000,0x00000007dda31718,0x00000007deb00000)
  to   space 21504K, 0% used [0x00000007deb00000,0x00000007deb00000,0x00000007e0000000)
 ParOldGen       total 349696K, used 72K [0x0000000780000000, 0x0000000795580000, 0x00000007d5500000)
  object space 349696K, 0% used [0x0000000780000000,0x0000000780012010,0x0000000795580000)
 PSPermGen       total 21504K, used 9877K [0x0000000770000000, 0x0000000771500000, 0x0000000780000000)
  object space 21504K, 45% used [0x0000000770000000,0x00000007709a54e8,0x0000000771500000)
}
{Heap before GC invocations=2 (full 1):
 PSYoungGen      total 153600K, used 4293K [0x00000007d5500000, 0x00000007e0000000, 0x0000000800000000)
  eden space 132096K, 0% used [0x00000007d5500000,0x00000007d5500000,0x00000007dd600000)
  from space 21504K, 19% used [0x00000007dd600000,0x00000007dda31718,0x00000007deb00000)
  to   space 21504K, 0% used [0x00000007deb00000,0x00000007deb00000,0x00000007e0000000)
 ParOldGen       total 349696K, used 72K [0x0000000780000000, 0x0000000795580000, 0x00000007d5500000)
  object space 349696K, 0% used [0x0000000780000000,0x0000000780012010,0x0000000795580000)
 PSPermGen       total 21504K, used 9877K [0x0000000770000000, 0x0000000771500000, 0x0000000780000000)
  object space 21504K, 45% used [0x0000000770000000,0x00000007709a54e8,0x0000000771500000)
2014-02-08T17:59:35.608+0000: 1.179: [Full GC [PSYoungGen: 4293K->0K(153600K)] [ParOldGen: 72K->4170K(349696K)] 4365K->4170K(503296K) [PSPermGen: 9877K->9874K(21504K)], 0.0885540 secs] [Times: user=0.09 sys=0.00, real=0.09 secs] 
Heap after GC invocations=2 (full 1):
 PSYoungGen      total 153600K, used 0K [0x00000007d5500000, 0x00000007e0000000, 0x0000000800000000)
  eden space 132096K, 0% used [0x00000007d5500000,0x00000007d5500000,0x00000007dd600000)
  from space 21504K, 0% used [0x00000007dd600000,0x00000007dd600000,0x00000007deb00000)
  to   space 21504K, 0% used [0x00000007deb00000,0x00000007deb00000,0x00000007e0000000)
 ParOldGen       total 349696K, used 4170K [0x0000000780000000, 0x0000000795580000, 0x00000007d5500000)
  object space 349696K, 1% used [0x0000000780000000,0x0000000780412828,0x0000000795580000)
 PSPermGen       total 21504K, used 9874K [0x0000000770000000, 0x0000000771500000, 0x0000000780000000)
  object space 21504K, 45% used [0x0000000770000000,0x00000007709a4bf8,0x0000000771500000)
}
{Heap before GC invocations=3 (full 1):
 PSYoungGen      total 153600K, used 132096K [0x00000007d5500000, 0x00000007e0000000, 0x0000000800000000)
  eden space 132096K, 100% used [0x00000007d5500000,0x00000007dd600000,0x00000007dd600000)
  from space 21504K, 0% used [0x00000007dd600000,0x00000007dd600000,0x00000007deb00000)
  to   space 21504K, 0% used [0x00000007deb00000,0x00000007deb00000,0x00000007e0000000)
 ParOldGen       total 349696K, used 4170K [0x0000000780000000, 0x0000000795580000, 0x00000007d5500000)
  object space 349696K, 1% used [0x0000000780000000,0x0000000780412828,0x0000000795580000)
 PSPermGen       total 21504K, used 13416K [0x0000000770000000, 0x0000000771500000, 0x0000000780000000)
  object space 21504K, 62% used [0x0000000770000000,0x0000000770d1a3a8,0x0000000771500000)
2014-02-08T17:59:37.912+0000: 3.482: [GC
Desired survivor size 22020096 bytes, new threshold 7 (max 15)
 [PSYoungGen: 132096K->18096K(153600K)] 136266K->22266K(503296K), 0.0463770 secs] [Times: user=0.02 sys=0.03, real=0.09 secs] 
Heap after GC invocations=3 (full 1):
 PSYoungGen      total 153600K, used 18096K [0x00000007d5500000, 0x00000007e8100000, 0x0000000800000000)
  eden space 132096K, 0% used [0x00000007d5500000,0x00000007d5500000,0x00000007dd600000)
  from space 21504K, 84% used [0x00000007deb00000,0x00000007dfcac0d8,0x00000007e0000000)
  to   space 21504K, 0% used [0x00000007dd600000,0x00000007dd600000,0x00000007deb00000)
 ParOldGen       total 349696K, used 4170K [0x0000000780000000, 0x0000000795580000, 0x00000007d5500000)
  object space 349696K, 1% used [0x0000000780000000,0x0000000780412828,0x0000000795580000)
 PSPermGen       total 21504K, used 13416K [0x0000000770000000, 0x0000000771500000, 0x0000000780000000)
  object space 21504K, 62% used [0x0000000770000000,0x0000000770d1a3a8,0x0000000771500000)
}
{Heap before GC invocations=4 (full 1):
 PSYoungGen      total 153600K, used 150192K [0x00000007d5500000, 0x00000007e8100000, 0x0000000800000000)
  eden space 132096K, 100% used [0x00000007d5500000,0x00000007dd600000,0x00000007dd600000)
  from space 21504K, 84% used [0x00000007deb00000,0x00000007dfcac0d8,0x00000007e0000000)
  to   space 21504K, 0% used [0x00000007dd600000,0x00000007dd600000,0x00000007deb00000)
 ParOldGen       total 349696K, used 4170K [0x0000000780000000, 0x0000000795580000, 0x00000007d5500000)
  object space 349696K, 1% used [0x0000000780000000,0x0000000780412828,0x0000000795580000)
 PSPermGen       total 21504K, used 20933K [0x0000000770000000, 0x0000000771500000, 0x0000000780000000)
  object space 21504K, 97% used [0x0000000770000000,0x0000000771471458,0x0000000771500000)
2014-02-08T17:59:40.608+0000: 6.178: [GC
Desired survivor size 22020096 bytes, new threshold 7 (max 15)
 [PSYoungGen: 150192K->17364K(153600K)] 154362K->21534K(503296K), 0.0611890 secs] [Times: user=0.07 sys=0.02, real=0.06 secs] 
Heap after GC invocations=4 (full 1):
 PSYoungGen      total 153600K, used 17364K [0x00000007d5500000, 0x00000007e8100000, 0x0000000800000000)
  eden space 132096K, 0% used [0x00000007d5500000,0x00000007d5500000,0x00000007dd600000)
  from space 21504K, 80% used [0x00000007dd600000,0x00000007de6f5398,0x00000007deb00000)
  to   space 21504K, 0% used [0x00000007e6c00000,0x00000007e6c00000,0x00000007e8100000)
 ParOldGen       total 349696K, used 4170K [0x0000000780000000, 0x0000000795580000, 0x00000007d5500000)
  object space 349696K, 1% used [0x0000000780000000,0x0000000780412828,0x0000000795580000)
 PSPermGen       total 21504K, used 20933K [0x0000000770000000, 0x0000000771500000, 0x0000000780000000)
  object space 21504K, 97% used [0x0000000770000000,0x0000000771471458,0x0000000771500000)
}
{Heap before GC invocations=5 (full 1):
 PSYoungGen      total 153600K, used 149460K [0x00000007d5500000, 0x00000007e8100000, 0x0000000800000000)
  eden space 132096K, 100% used [0x00000007d5500000,0x00000007dd600000,0x00000007dd600000)
  from space 21504K, 80% used [0x00000007dd600000,0x00000007de6f5398,0x00000007deb00000)
  to   space 21504K, 0% used [0x00000007e6c00000,0x00000007e6c00000,0x00000007e8100000)
 ParOldGen       total 349696K, used 4170K [0x0000000780000000, 0x0000000795580000, 0x00000007d5500000)
  object space 349696K, 1% used [0x0000000780000000,0x0000000780412828,0x0000000795580000)
 PSPermGen       total 25088K, used 24578K [0x0000000770000000, 0x0000000771880000, 0x0000000780000000)
  object space 25088K, 97% used [0x0000000770000000,0x0000000771800be8,0x0000000771880000)
2014-02-08T17:59:43.244+0000: 8.815: [GC
Desired survivor size 22020096 bytes, new threshold 7 (max 15)
 [PSYoungGen: 149460K->14630K(285696K)] 153630K->18800K(635392K), 0.0526340 secs] [Times: user=0.05 sys=0.04, real=0.05 secs] 
Heap after GC invocations=5 (full 1):
 PSYoungGen      total 285696K, used 14630K [0x00000007d5500000, 0x00000007e8100000, 0x0000000800000000)
  eden space 264192K, 0% used [0x00000007d5500000,0x00000007d5500000,0x00000007e5700000)
  from space 21504K, 68% used [0x00000007e6c00000,0x00000007e7a49aa8,0x00000007e8100000)
  to   space 21504K, 0% used [0x00000007e5700000,0x00000007e5700000,0x00000007e6c00000)
 ParOldGen       total 349696K, used 4170K [0x0000000780000000, 0x0000000795580000, 0x00000007d5500000)
  object space 349696K, 1% used [0x0000000780000000,0x0000000780412828,0x0000000795580000)
 PSPermGen       total 25088K, used 24578K [0x0000000770000000, 0x0000000771880000, 0x0000000780000000)
  object space 25088K, 97% used [0x0000000770000000,0x0000000771800be8,0x0000000771880000)
}
{Heap before GC invocations=6 (full 1):
 PSYoungGen      total 285696K, used 278822K [0x00000007d5500000, 0x00000007e8100000, 0x0000000800000000)
  eden space 264192K, 100% used [0x00000007d5500000,0x00000007e5700000,0x00000007e5700000)
  from space 21504K, 68% used [0x00000007e6c00000,0x00000007e7a49aa8,0x00000007e8100000)
  to   space 21504K, 0% used [0x00000007e5700000,0x00000007e5700000,0x00000007e6c00000)
 ParOldGen       total 349696K, used 4170K [0x0000000780000000, 0x0000000795580000, 0x00000007d5500000)
  object space 349696K, 1% used [0x0000000780000000,0x0000000780412828,0x0000000795580000)
 PSPermGen       total 37888K, used 37788K [0x0000000770000000, 0x0000000772500000, 0x0000000780000000)
  object space 37888K, 99% used [0x0000000770000000,0x00000007724e73d8,0x0000000772500000)
2014-02-08T17:59:48.681+0000: 14.251: [GC
Desired survivor size 22020096 bytes, new threshold 7 (max 15)
 [PSYoungGen: 278822K->21476K(285696K)] 282992K->34720K(635392K), 0.0875860 secs] [Times: user=0.09 sys=0.06, real=0.09 secs] 
Heap after GC invocations=6 (full 1):
 PSYoungGen      total 285696K, used 21476K [0x00000007d5500000, 0x00000007f8300000, 0x0000000800000000)
  eden space 264192K, 0% used [0x00000007d5500000,0x00000007d5500000,0x00000007e5700000)
  from space 21504K, 99% used [0x00000007e5700000,0x00000007e6bf9068,0x00000007e6c00000)
  to   space 21504K, 0% used [0x00000007f6e00000,0x00000007f6e00000,0x00000007f8300000)
 ParOldGen       total 349696K, used 13244K [0x0000000780000000, 0x0000000795580000, 0x00000007d5500000)
  object space 349696K, 3% used [0x0000000780000000,0x0000000780cef348,0x0000000795580000)
 PSPermGen       total 37888K, used 37788K [0x0000000770000000, 0x0000000772500000, 0x0000000780000000)
  object space 37888K, 99% used [0x0000000770000000,0x00000007724e73d8,0x0000000772500000)
}
{Heap before GC invocations=7 (full 1):
 PSYoungGen      total 285696K, used 285668K [0x00000007d5500000, 0x00000007f8300000, 0x0000000800000000)
  eden space 264192K, 100% used [0x00000007d5500000,0x00000007e5700000,0x00000007e5700000)
  from space 21504K, 99% used [0x00000007e5700000,0x00000007e6bf9068,0x00000007e6c00000)
  to   space 21504K, 0% used [0x00000007f6e00000,0x00000007f6e00000,0x00000007f8300000)
 ParOldGen       total 349696K, used 13244K [0x0000000780000000, 0x0000000795580000, 0x00000007d5500000)
  object space 349696K, 3% used [0x0000000780000000,0x0000000780cef348,0x0000000795580000)
 PSPermGen       total 40960K, used 40473K [0x0000000770000000, 0x0000000772800000, 0x0000000780000000)
  object space 40960K, 98% used [0x0000000770000000,0x00000007727865e0,0x0000000772800000)
2014-02-08T17:59:53.341+0000: 18.911: [GC
Desired survivor size 36700160 bytes, new threshold 6 (max 15)
 [PSYoungGen: 285668K->21475K(535552K)] 298912K->40019K(885248K), 0.0852100 secs] [Times: user=0.07 sys=0.05, real=0.09 secs] 
Heap after GC invocations=7 (full 1):
 PSYoungGen      total 535552K, used 21475K [0x00000007d5500000, 0x00000007f9f00000, 0x0000000800000000)
  eden space 514048K, 0% used [0x00000007d5500000,0x00000007d5500000,0x00000007f4b00000)
  from space 21504K, 99% used [0x00000007f6e00000,0x00000007f82f8f28,0x00000007f8300000)
  to   space 35840K, 0% used [0x00000007f4b00000,0x00000007f4b00000,0x00000007f6e00000)
 ParOldGen       total 349696K, used 18543K [0x0000000780000000, 0x0000000795580000, 0x00000007d5500000)
  object space 349696K, 5% used [0x0000000780000000,0x000000078121bd50,0x0000000795580000)
 PSPermGen       total 40960K, used 40473K [0x0000000770000000, 0x0000000772800000, 0x0000000780000000)
  object space 40960K, 98% used [0x0000000770000000,0x00000007727865e0,0x0000000772800000)
}
{Heap before GC invocations=8 (full 1):
 PSYoungGen      total 535552K, used 535523K [0x00000007d5500000, 0x00000007f9f00000, 0x0000000800000000)
  eden space 514048K, 100% used [0x00000007d5500000,0x00000007f4b00000,0x00000007f4b00000)
  from space 21504K, 99% used [0x00000007f6e00000,0x00000007f82f8f28,0x00000007f8300000)
  to   space 35840K, 0% used [0x00000007f4b00000,0x00000007f4b00000,0x00000007f6e00000)
 ParOldGen       total 349696K, used 18543K [0x0000000780000000, 0x0000000795580000, 0x00000007d5500000)
  object space 349696K, 5% used [0x0000000780000000,0x000000078121bd50,0x0000000795580000)
 PSPermGen       total 56832K, used 56787K [0x0000000770000000, 0x0000000773780000, 0x0000000780000000)
  object space 56832K, 99% used [0x0000000770000000,0x0000000773774d38,0x0000000773780000)
2014-02-08T17:59:59.951+0000: 25.522: [GC
Desired survivor size 51380224 bytes, new threshold 5 (max 15)
 [PSYoungGen: 535523K->35839K(549888K)] 554067K->70755K(899584K), 0.1747890 secs] [Times: user=0.21 sys=0.06, real=0.18 secs] 
Heap after GC invocations=8 (full 1):
 PSYoungGen      total 549888K, used 35839K [0x00000007d5500000, 0x0000000800000000, 0x0000000800000000)
  eden space 514048K, 0% used [0x00000007d5500000,0x00000007d5500000,0x00000007f4b00000)
  from space 35840K, 99% used [0x00000007f4b00000,0x00000007f6dffee8,0x00000007f6e00000)
  to   space 50176K, 0% used [0x00000007fcf00000,0x00000007fcf00000,0x0000000800000000)
 ParOldGen       total 349696K, used 34916K [0x0000000780000000, 0x0000000795580000, 0x00000007d5500000)
  object space 349696K, 9% used [0x0000000780000000,0x0000000782219020,0x0000000795580000)
 PSPermGen       total 56832K, used 56787K [0x0000000770000000, 0x0000000773780000, 0x0000000780000000)
  object space 56832K, 99% used [0x0000000770000000,0x0000000773774d38,0x0000000773780000)
}
{Heap before GC invocations=9 (full 1):
 PSYoungGen      total 549888K, used 549887K [0x00000007d5500000, 0x0000000800000000, 0x0000000800000000)
  eden space 514048K, 100% used [0x00000007d5500000,0x00000007f4b00000,0x00000007f4b00000)
  from space 35840K, 99% used [0x00000007f4b00000,0x00000007f6dffee8,0x00000007f6e00000)
  to   space 50176K, 0% used [0x00000007fcf00000,0x00000007fcf00000,0x0000000800000000)
 ParOldGen       total 349696K, used 34916K [0x0000000780000000, 0x0000000795580000, 0x00000007d5500000)
  object space 349696K, 9% used [0x0000000780000000,0x0000000782219020,0x0000000795580000)
 PSPermGen       total 59904K, used 59574K [0x0000000770000000, 0x0000000773a80000, 0x0000000780000000)
  object space 59904K, 99% used [0x0000000770000000,0x0000000773a2dae8,0x0000000773a80000)
2014-02-08T18:00:07.878+0000: 33.449: [GC
Desired survivor size 54525952 bytes, new threshold 4 (max 15)
 [PSYoungGen: 549887K->37244K(643072K)] 584803K->78579K(992768K), 0.1628910 secs] [Times: user=0.25 sys=0.06, real=0.16 secs] 
Heap after GC invocations=9 (full 1):
 PSYoungGen      total 643072K, used 37244K [0x00000007d5500000, 0x0000000800000000, 0x0000000800000000)
  eden space 592896K, 0% used [0x00000007d5500000,0x00000007d5500000,0x00000007f9800000)
  from space 50176K, 74% used [0x00000007fcf00000,0x00000007ff35f230,0x0000000800000000)
  to   space 53248K, 0% used [0x00000007f9800000,0x00000007f9800000,0x00000007fcc00000)
 ParOldGen       total 349696K, used 41335K [0x0000000780000000, 0x0000000795580000, 0x00000007d5500000)
  object space 349696K, 11% used [0x0000000780000000,0x000000078285dd38,0x0000000795580000)
 PSPermGen       total 59904K, used 59574K [0x0000000770000000, 0x0000000773a80000, 0x0000000780000000)
  object space 59904K, 99% used [0x0000000770000000,0x0000000773a2dae8,0x0000000773a80000)
}
{Heap before GC invocations=10 (full 1):
 PSYoungGen      total 643072K, used 630140K [0x00000007d5500000, 0x0000000800000000, 0x0000000800000000)
  eden space 592896K, 100% used [0x00000007d5500000,0x00000007f9800000,0x00000007f9800000)
  from space 50176K, 74% used [0x00000007fcf00000,0x00000007ff35f230,0x0000000800000000)
  to   space 53248K, 0% used [0x00000007f9800000,0x00000007f9800000,0x00000007fcc00000)
 ParOldGen       total 349696K, used 41335K [0x0000000780000000, 0x0000000795580000, 0x00000007d5500000)
  object space 349696K, 11% used [0x0000000780000000,0x000000078285dd38,0x0000000795580000)
 PSPermGen       total 61952K, used 61673K [0x0000000770000000, 0x0000000773c80000, 0x0000000780000000)
  object space 61952K, 99% used [0x0000000770000000,0x0000000773c3a708,0x0000000773c80000)
2014-02-08T18:00:15.213+0000: 40.783: [GC
Desired survivor size 57147392 bytes, new threshold 3 (max 15)
 [PSYoungGen: 630140K->38715K(631808K)] 671475K->88669K(981504K), 0.2014310 secs] [Times: user=0.31 sys=0.08, real=0.20 secs] 
Heap after GC invocations=10 (full 1):
 PSYoungGen      total 631808K, used 38715K [0x00000007d5500000, 0x0000000800000000, 0x0000000800000000)
  eden space 592896K, 0% used [0x00000007d5500000,0x00000007d5500000,0x00000007f9800000)
  from space 38912K, 99% used [0x00000007f9800000,0x00000007fbdcefe8,0x00000007fbe00000)
  to   space 55808K, 0% used [0x00000007fc980000,0x00000007fc980000,0x0000000800000000)
 ParOldGen       total 349696K, used 49953K [0x0000000780000000, 0x0000000795580000, 0x00000007d5500000)
  object space 349696K, 14% used [0x0000000780000000,0x00000007830c8768,0x0000000795580000)
 PSPermGen       total 61952K, used 61673K [0x0000000770000000, 0x0000000773c80000, 0x0000000780000000)
  object space 61952K, 99% used [0x0000000770000000,0x0000000773c3a708,0x0000000773c80000)
}
{Heap before GC invocations=11 (full 1):
 PSYoungGen      total 631808K, used 600380K [0x00000007d5500000, 0x0000000800000000, 0x0000000800000000)
  eden space 592896K, 94% used [0x00000007d5500000,0x00000007f7980350,0x00000007f9800000)
  from space 38912K, 99% used [0x00000007f9800000,0x00000007fbdcefe8,0x00000007fbe00000)
  to   space 55808K, 0% used [0x00000007fc980000,0x00000007fc980000,0x0000000800000000)
 ParOldGen       total 349696K, used 49953K [0x0000000780000000, 0x0000000795580000, 0x00000007d5500000)
  object space 349696K, 14% used [0x0000000780000000,0x00000007830c8768,0x0000000795580000)
 PSPermGen       total 68608K, used 68277K [0x0000000770000000, 0x0000000774300000, 0x0000000780000000)
  object space 68608K, 99% used [0x0000000770000000,0x00000007742ad400,0x0000000774300000)
2014-02-08T18:59:35.698+0000: 3601.268: [GC
Desired survivor size 59244544 bytes, new threshold 2 (max 15)
 [PSYoungGen: 600380K->40644K(639488K)] 650334K->100403K(989184K), 0.1605030 secs] [Times: user=0.27 sys=0.03, real=0.16 secs] 
Heap after GC invocations=11 (full 1):
 PSYoungGen      total 639488K, used 40644K [0x00000007d5500000, 0x0000000800000000, 0x0000000800000000)
  eden space 583680K, 0% used [0x00000007d5500000,0x00000007d5500000,0x00000007f8f00000)
  from space 55808K, 72% used [0x00000007fc980000,0x00000007ff131270,0x0000000800000000)
  to   space 57856K, 0% used [0x00000007f8f00000,0x00000007f8f00000,0x00000007fc780000)
 ParOldGen       total 349696K, used 59758K [0x0000000780000000, 0x0000000795580000, 0x00000007d5500000)
  object space 349696K, 17% used [0x0000000780000000,0x0000000783a5b9d8,0x0000000795580000)
 PSPermGen       total 68608K, used 68277K [0x0000000770000000, 0x0000000774300000, 0x0000000780000000)
  object space 68608K, 99% used [0x0000000770000000,0x00000007742ad400,0x0000000774300000)
}
{Heap before GC invocations=12 (full 2):
 PSYoungGen      total 639488K, used 40644K [0x00000007d5500000, 0x0000000800000000, 0x0000000800000000)
  eden space 583680K, 0% used [0x00000007d5500000,0x00000007d5500000,0x00000007f8f00000)
  from space 55808K, 72% used [0x00000007fc980000,0x00000007ff131270,0x0000000800000000)
  to   space 57856K, 0% used [0x00000007f8f00000,0x00000007f8f00000,0x00000007fc780000)
 ParOldGen       total 349696K, used 59758K [0x0000000780000000, 0x0000000795580000, 0x00000007d5500000)
  object space 349696K, 17% used [0x0000000780000000,0x0000000783a5b9d8,0x0000000795580000)
 PSPermGen       total 68608K, used 68277K [0x0000000770000000, 0x0000000774300000, 0x0000000780000000)
  object space 68608K, 99% used [0x0000000770000000,0x00000007742ad400,0x0000000774300000)
2014-02-08T18:59:35.859+0000: 3601.429: [Full GC [PSYoungGen: 40644K->0K(639488K)] [ParOldGen: 59758K->62667K(349696K)] 100403K->62667K(989184K) [PSPermGen: 68277K->68118K(138752K)], 0.9565300 secs] [Times: user=1.62 sys=0.02, real=0.95 secs] 
Heap after GC invocations=12 (full 2):
 PSYoungGen      total 639488K, used 0K [0x00000007d5500000, 0x0000000800000000, 0x0000000800000000)
  eden space 583680K, 0% used [0x00000007d5500000,0x00000007d5500000,0x00000007f8f00000)
  from space 55808K, 0% used [0x00000007fc980000,0x00000007fc980000,0x0000000800000000)
  to   space 57856K, 0% used [0x00000007f8f00000,0x00000007f8f00000,0x00000007fc780000)
 ParOldGen       total 349696K, used 62667K [0x0000000780000000, 0x0000000795580000, 0x00000007d5500000)
  object space 349696K, 17% used [0x0000000780000000,0x0000000783d32e18,0x0000000795580000)
 PSPermGen       total 138752K, used 68118K [0x0000000770000000, 0x0000000778780000, 0x0000000780000000)
  object space 138752K, 49% used [0x0000000770000000,0x0000000774285a70,0x0000000778780000)
}
{Heap before GC invocations=13 (full 2):
 PSYoungGen      total 639488K, used 9334K [0x00000007d5500000, 0x0000000800000000, 0x0000000800000000)
  eden space 583680K, 1% used [0x00000007d5500000,0x00000007d5e1d898,0x00000007f8f00000)
  from space 55808K, 0% used [0x00000007fc980000,0x00000007fc980000,0x0000000800000000)
  to   space 57856K, 0% used [0x00000007f8f00000,0x00000007f8f00000,0x00000007fc780000)
 ParOldGen       total 349696K, used 62667K [0x0000000780000000, 0x0000000795580000, 0x00000007d5500000)
  object space 349696K, 17% used [0x0000000780000000,0x0000000783d32e18,0x0000000795580000)
 PSPermGen       total 138752K, used 68135K [0x0000000770000000, 0x0000000778780000, 0x0000000780000000)
  object space 138752K, 49% used [0x0000000770000000,0x0000000774289e80,0x0000000778780000)
2014-02-08T19:59:36.816+0000: 7202.387: [GC
Desired survivor size 61341696 bytes, new threshold 1 (max 15)
 [PSYoungGen: 9334K->336K(584192K)] 72001K->63003K(933888K), 0.0075300 secs] [Times: user=0.00 sys=0.00, real=0.00 secs] 
Heap after GC invocations=13 (full 2):
 PSYoungGen      total 584192K, used 336K [0x00000007d5500000, 0x0000000800000000, 0x0000000800000000)
  eden space 583680K, 0% used [0x00000007d5500000,0x00000007d5500000,0x00000007f8f00000)
  from space 512K, 65% used [0x00000007f8f00000,0x00000007f8f54030,0x00000007f8f80000)
  to   space 59904K, 0% used [0x00000007fc580000,0x00000007fc580000,0x0000000800000000)
 ParOldGen       total 349696K, used 62667K [0x0000000780000000, 0x0000000795580000, 0x00000007d5500000)
  object space 349696K, 17% used [0x0000000780000000,0x0000000783d32e18,0x0000000795580000)
 PSPermGen       total 138752K, used 68135K [0x0000000770000000, 0x0000000778780000, 0x0000000780000000)
  object space 138752K, 49% used [0x0000000770000000,0x0000000774289e80,0x0000000778780000)
}
{Heap before GC invocations=14 (full 3):
 PSYoungGen      total 584192K, used 336K [0x00000007d5500000, 0x0000000800000000, 0x0000000800000000)
  eden space 583680K, 0% used [0x00000007d5500000,0x00000007d5500000,0x00000007f8f00000)
  from space 512K, 65% used [0x00000007f8f00000,0x00000007f8f54030,0x00000007f8f80000)
  to   space 59904K, 0% used [0x00000007fc580000,0x00000007fc580000,0x0000000800000000)
 ParOldGen       total 349696K, used 62667K [0x0000000780000000, 0x0000000795580000, 0x00000007d5500000)
  object space 349696K, 17% used [0x0000000780000000,0x0000000783d32e18,0x0000000795580000)
 PSPermGen       total 138752K, used 68135K [0x0000000770000000, 0x0000000778780000, 0x0000000780000000)
  object space 138752K, 49% used [0x0000000770000000,0x0000000774289e80,0x0000000778780000)
2014-02-08T19:59:36.824+0000: 7202.394: [Full GC [PSYoungGen: 336K->0K(584192K)] [ParOldGen: 62667K->58153K(349696K)] 63003K->58153K(933888K) [PSPermGen: 68135K->68129K(138240K)], 0.6049550 secs] [Times: user=1.08 sys=0.00, real=0.61 secs] 
Heap after GC invocations=14 (full 3):
 PSYoungGen      total 584192K, used 0K [0x00000007d5500000, 0x0000000800000000, 0x0000000800000000)
  eden space 583680K, 0% used [0x00000007d5500000,0x00000007d5500000,0x00000007f8f00000)
  from space 512K, 0% used [0x00000007f8f00000,0x00000007f8f00000,0x00000007f8f80000)
  to   space 59904K, 0% used [0x00000007fc580000,0x00000007fc580000,0x0000000800000000)
 ParOldGen       total 349696K, used 58153K [0x0000000780000000, 0x0000000795580000, 0x00000007d5500000)
  object space 349696K, 16% used [0x0000000780000000,0x00000007838ca640,0x0000000795580000)
 PSPermGen       total 138240K, used 68129K [0x0000000770000000, 0x0000000778700000, 0x0000000780000000)
  object space 138240K, 49% used [0x0000000770000000,0x00000007742886b8,0x0000000778700000)
}
{Heap before GC invocations=15 (full 3):
 PSYoungGen      total 584192K, used 14004K [0x00000007d5500000, 0x0000000800000000, 0x0000000800000000)
  eden space 583680K, 2% used [0x00000007d5500000,0x00000007d62ad058,0x00000007f8f00000)
  from space 512K, 0% used [0x00000007f8f00000,0x00000007f8f00000,0x00000007f8f80000)
  to   space 59904K, 0% used [0x00000007fc580000,0x00000007fc580000,0x0000000800000000)
 ParOldGen       total 349696K, used 58153K [0x0000000780000000, 0x0000000795580000, 0x00000007d5500000)
  object space 349696K, 16% used [0x0000000780000000,0x00000007838ca640,0x0000000795580000)
 PSPermGen       total 138240K, used 68204K [0x0000000770000000, 0x0000000778700000, 0x0000000780000000)
  object space 138240K, 49% used [0x0000000770000000,0x000000077429b3d8,0x0000000778700000)
2014-02-08T20:59:37.430+0000: 10803.000: [GC
Desired survivor size 61865984 bytes, new threshold 1 (max 15)
 [PSYoungGen: 14004K->576K(638464K)] 72157K->58729K(988160K), 0.0107580 secs] [Times: user=0.01 sys=0.00, real=0.02 secs] 
Heap after GC invocations=15 (full 3):
 PSYoungGen      total 638464K, used 576K [0x00000007d5500000, 0x0000000800000000, 0x0000000800000000)
  eden space 578560K, 0% used [0x00000007d5500000,0x00000007d5500000,0x00000007f8a00000)
  from space 59904K, 0% used [0x00000007fc580000,0x00000007fc610040,0x0000000800000000)
  to   space 60416K, 0% used [0x00000007f8a00000,0x00000007f8a00000,0x00000007fc500000)
 ParOldGen       total 349696K, used 58153K [0x0000000780000000, 0x0000000795580000, 0x00000007d5500000)
  object space 349696K, 16% used [0x0000000780000000,0x00000007838ca640,0x0000000795580000)
 PSPermGen       total 138240K, used 68204K [0x0000000770000000, 0x0000000778700000, 0x0000000780000000)
  object space 138240K, 49% used [0x0000000770000000,0x000000077429b3d8,0x0000000778700000)
}
{Heap before GC invocations=16 (full 4):
 PSYoungGen      total 638464K, used 576K [0x00000007d5500000, 0x0000000800000000, 0x0000000800000000)
  eden space 578560K, 0% used [0x00000007d5500000,0x00000007d5500000,0x00000007f8a00000)
  from space 59904K, 0% used [0x00000007fc580000,0x00000007fc610040,0x0000000800000000)
  to   space 60416K, 0% used [0x00000007f8a00000,0x00000007f8a00000,0x00000007fc500000)
 ParOldGen       total 349696K, used 58153K [0x0000000780000000, 0x0000000795580000, 0x00000007d5500000)
  object space 349696K, 16% used [0x0000000780000000,0x00000007838ca640,0x0000000795580000)
 PSPermGen       total 138240K, used 68204K [0x0000000770000000, 0x0000000778700000, 0x0000000780000000)
  object space 138240K, 49% used [0x0000000770000000,0x000000077429b3d8,0x0000000778700000)
2014-02-08T20:59:37.441+0000: 10803.011: [Full GC [PSYoungGen: 576K->0K(638464K)] [ParOldGen: 58153K->58300K(349696K)] 58729K->58300K(988160K) [PSPermGen: 68204K->68199K(133632K)], 0.6660330 secs] [Times: user=1.18 sys=0.00, real=0.66 secs] 
